2026-08-25 09:09:45,755 - project_12_logger - INFO - Sales Processing Started...
2026-08-25 09:09:45,755 - project_12_logger - INFO - File Successfully Loaded !
2026-08-25 09:15:47,875 - project_12_logger - INFO - Sales Processing Started...
2026-08-25 09:15:47,876 - project_12_logger - INFO - File Successfully Loaded !
2026-08-25 09:22:05,953 - project_12_logger - INFO - Sales Processing Started...
2026-08-25 09:22:05,953 - project_12_logger - INFO - File Successfully Loaded !
2026-08-25 09:23:51,208 - project_12_logger - INFO - Sales Processing Started...
2026-08-25 09:23:51,209 - project_12_logger - INFO - File Successfully Loaded !
2026-08-25 09:24:05,370 - project_12_logger - INFO - Sales Processing Started...
2026-08-25 09:24:05,371 - project_12_logger - INFO - File Successfully Loaded !
2026-08-25 09:24:25,011 - project_12_logger - INFO - Sales Processing Started...
2026-08-25 09:24:25,012 - project_12_logger - INFO - File Successfully Loaded !
2026-08-25 09:24:47,129 - project_12_logger - INFO - Sales Processing Started...
2026-08-25 09:24:47,130 - project_12_logger - INFO - File Successfully Loaded !
2026-08-25 09:24:47,131 - project_12_logger - INFO - 1001 Processed Successfully !
2026-08-25 09:25:13,615 - project_12_logger - INFO - Sales Processing Started...
2026-08-25 09:25:13,617 - project_12_logger - INFO - File Successfully Loaded !
2026-08-25 09:25:13,617 - project_12_logger - INFO - 1001 Processed Successfully !
2026-08-25 09:26:22,263 - project_12_logger - INFO - Sales Processing Started...
2026-08-25 09:26:22,264 - project_12_logger - INFO - File Successfully Loaded !
2026-08-25 09:26:22,265 - project_12_logger - INFO - 1001 Processed Successfully !
2026-08-25 09:28:16,227 - project_12_logger - INFO - Sales Processing Started...
2026-08-25 09:28:16,228 - project_12_logger - INFO - File Successfully Loaded !
2026-08-25 09:28:16,229 - project_12_logger - INFO - 1001 Processed Successfully !
2026-08-25 09:28:37,987 - project_12_logger - INFO - Sales Processing Started...
2026-08-25 09:28:37,988 - project_12_logger - INFO - File Successfully Loaded !
2026-08-25 09:28:37,988 - project_12_logger - INFO - 1001 Processed Successfully !
2026-08-25 09:28:44,012 - project_12_logger - INFO - Sales Processing Started...
2026-08-25 09:28:44,013 - project_12_logger - INFO - File Successfully Loaded !
2026-08-25 09:28:44,013 - project_12_logger - INFO - 1001 Processed Successfully !
2026-08-25 09:29:17,058 - project_12_logger - INFO - Sales Processing Started...
2026-08-25 09:29:17,059 - project_12_logger - INFO - File Successfully Loaded !
2026-08-25 09:29:17,060 - project_12_logger - INFO - 1001 Processed Successfully !
2026-08-25 09:29:18,888 - project_12_logger - INFO - Sales Processing Started...
2026-08-25 09:29:18,889 - project_12_logger - INFO - File Successfully Loaded !
2026-08-25 09:29:18,890 - project_12_logger - INFO - 1001 Processed Successfully !
2026-08-25 09:29:19,603 - project_12_logger - INFO - Sales Processing Started...
2026-08-25 09:29:19,604 - project_12_logger - INFO - File Successfully Loaded !
2026-08-25 09:29:19,605 - project_12_logger - INFO - 1001 Processed Successfully !
2026-08-25 09:29:20,037 - project_12_logger - INFO - Sales Processing Started...
2026-08-25 09:29:20,038 - project_12_logger - INFO - File Successfully Loaded !
2026-08-25 09:29:20,039 - project_12_logger - INFO - 1001 Processed Successfully !
2026-08-25 09:29:20,205 - project_12_logger - INFO - Sales Processing Started...
2026-08-25 09:29:20,206 - project_12_logger - INFO - File Successfully Loaded !
2026-08-25 09:29:20,207 - project_12_logger - INFO - 1001 Processed Successfully !
2026-08-25 09:29:20,463 - project_12_logger - INFO - Sales Processing Started...
2026-08-25 09:29:20,464 - project_12_logger - INFO - File Successfully Loaded !
2026-08-25 09:29:20,464 - project_12_logger - INFO - 1001 Processed Successfully !
2026-08-25 09:29:20,653 - project_12_logger - INFO - Sales Processing Started...
2026-08-25 09:29:20,654 - project_12_logger - INFO - File Successfully Loaded !
2026-08-25 09:29:20,655 - project_12_logger - INFO - 1001 Processed Successfully !
2026-08-25 09:29:20,860 - project_12_logger - INFO - Sales Processing Started...
2026-08-25 09:29:20,861 - project_12_logger - INFO - File Successfully Loaded !
2026-08-25 09:29:20,861 - project_12_logger - INFO - 1001 Processed Successfully !
2026-08-25 09:30:15,178 - project_12_logger - INFO - Sales Processing Started...
2026-08-25 09:30:15,179 - project_12_logger - INFO - File Successfully Loaded !
2026-08-25 09:30:15,180 - project_12_logger - INFO - 1001 Processed Successfully !
2026-08-25 09:30:18,269 - project_12_logger - INFO - Sales Processing Started...
2026-08-25 09:30:18,271 - project_12_logger - INFO - File Successfully Loaded !
2026-08-25 09:30:18,271 - project_12_logger - INFO - 1001 Processed Successfully !
2026-08-25 09:30:24,506 - project_12_logger - INFO - Sales Processing Started...
2026-08-25 09:30:24,507 - project_12_logger - INFO - File Successfully Loaded !
2026-08-25 09:30:24,508 - project_12_logger - INFO - 1001 Processed Successfully !
2026-08-25 09:30:24,508 - project_12_logger - INFO - 1002 Processed Successfully !
2026-08-25 09:30:24,509 - project_12_logger - INFO - 1003 Processed Successfully !
2026-08-25 09:30:24,510 - project_12_logger - INFO - 1004 Processed Successfully !
2026-08-25 09:30:24,510 - project_12_logger - INFO - 1005 Processed Successfully !
2026-08-25 09:31:11,879 - project_12_logger - INFO - Sales Processing Started...
2026-08-25 09:31:11,880 - project_12_logger - INFO - File Successfully Loaded !
2026-08-25 09:31:11,880 - project_12_logger - INFO - 1001 Processed Successfully !
2026-08-25 09:31:11,881 - project_12_logger - INFO - 1002 Processed Successfully !
2026-08-25 09:31:11,881 - project_12_logger - INFO - 1003 Processed Successfully !
2026-08-25 09:31:11,882 - project_12_logger - INFO - 1004 Processed Successfully !
2026-08-25 09:31:11,882 - project_12_logger - INFO - 1005 Processed Successfully !
2026-08-25 09:33:06,462 - project_12_logger - INFO - Sales Processing Started...
2026-08-25 09:33:06,463 - project_12_logger - INFO - File Successfully Loaded !
2026-08-25 09:33:06,463 - project_12_logger - INFO - Getting Sales Revenue
2026-08-25 09:33:06,464 - project_12_logger - INFO - 1001 Processed Successfully !
2026-08-25 09:33:06,464 - project_12_logger - INFO - 1002 Processed Successfully !
2026-08-25 09:33:06,465 - project_12_logger - INFO - 1003 Processed Successfully !
2026-08-25 09:33:06,465 - project_12_logger - INFO - 1004 Processed Successfully !
2026-08-25 09:33:06,465 - project_12_logger - INFO - 1005 Processed Successfully !
2026-08-25 09:33:06,466 - project_12_logger - INFO - Revenue Generated Successfully !
2026-08-25 09:34:08,003 - project_12_logger - INFO - Sales Processing Started...
2026-08-25 09:34:08,005 - project_12_logger - INFO - File Successfully Loaded !
2026-08-25 09:34:08,005 - project_12_logger - INFO - Getting Sales Revenue
2026-08-25 09:34:08,006 - project_12_logger - INFO - 1001 Processed Successfully !
2026-08-25 09:34:08,006 - project_12_logger - INFO - 1002 Processed Successfully !
2026-08-25 09:34:08,007 - project_12_logger - INFO - 1003 Processed Successfully !
2026-08-25 09:34:08,007 - project_12_logger - ERROR - Invalid Value found.
2026-08-25 09:34:08,008 - project_12_logger - INFO - 1005 Processed Successfully !
2026-08-25 09:34:08,008 - project_12_logger - INFO - Revenue Generated Successfully !
2026-08-25 09:37:42,449 - project_12_logger - INFO - Sales Processing Started...
2026-08-25 09:37:42,450 - project_12_logger - INFO - File Successfully Loaded !
2026-08-25 09:37:42,451 - project_12_logger - INFO - Getting Sales Revenue
2026-08-25 09:37:42,451 - project_12_logger - INFO - 1001 Processed Successfully !
2026-08-25 09:37:42,452 - project_12_logger - INFO - 1002 Processed Successfully !
2026-08-25 09:37:42,452 - project_12_logger - INFO - 1003 Processed Successfully !
2026-08-25 09:37:42,453 - project_12_logger - ERROR - Invalid Value found. Skipped
2026-08-25 09:37:42,453 - project_12_logger - INFO - 1005 Processed Successfully !
2026-08-25 09:37:42,453 - project_12_logger - INFO - Revenue Generated Successfully !
2026-08-25 09:37:58,442 - project_12_logger - INFO - Sales Processing Started...
2026-08-25 09:37:58,443 - project_12_logger - INFO - File Successfully Loaded !
2026-08-25 09:37:58,443 - project_12_logger - INFO - Getting Sales Revenue
2026-08-25 09:37:58,444 - project_12_logger - INFO - 1001 Processed Successfully !
2026-08-25 09:37:58,444 - project_12_logger - INFO - 1002 Processed Successfully !
2026-08-25 09:37:58,445 - project_12_logger - INFO - 1003 Processed Successfully !
2026-08-25 09:37:58,445 - project_12_logger - ERROR - Invalid Value found. Skipped
2026-08-25 09:37:58,446 - project_12_logger - INFO - 1005 Processed Successfully !
2026-08-25 09:37:58,446 - project_12_logger - INFO - Revenue Generated Successfully !
2026-08-25 09:40:37,741 - project_12_logger - INFO - Sales Processing Started...
2026-08-25 09:40:37,742 - project_12_logger - INFO - File Successfully Loaded !
2026-08-25 09:40:37,743 - project_12_logger - INFO - Getting Sales Revenue
2026-08-25 09:40:37,744 - project_12_logger - INFO - 1001 Processed Successfully !
2026-08-25 09:40:37,744 - project_12_logger - INFO - 1002 Processed Successfully !
2026-08-25 09:40:37,745 - project_12_logger - INFO - 1003 Processed Successfully !
2026-08-25 09:40:37,745 - project_12_logger - ERROR - Invalid Value found. Skipped
2026-08-25 09:40:37,746 - project_12_logger - INFO - 1005 Processed Successfully !
2026-08-25 09:40:37,747 - project_12_logger - INFO - Revenue Generated Successfully !
2026-08-25 09:41:09,118 - project_12_logger - INFO - Sales Processing Started...
2026-08-25 09:41:09,119 - project_12_logger - INFO - File Successfully Loaded !
2026-08-25 09:41:09,119 - project_12_logger - INFO - Getting Sales Revenue
2026-08-25 09:41:09,120 - project_12_logger - INFO - 1001 Processed Successfully !
2026-08-25 09:41:09,121 - project_12_logger - INFO - 1002 Processed Successfully !
2026-08-25 09:41:09,122 - project_12_logger - INFO - 1003 Processed Successfully !
2026-08-25 09:41:09,123 - project_12_logger - ERROR - Invalid Value found. Skipped
2026-08-25 09:41:09,123 - project_12_logger - INFO - 1005 Processed Successfully !
2026-08-25 09:41:09,124 - project_12_logger - INFO - Revenue Generated Successfully !
2026-08-25 09:42:58,537 - project_12_logger - INFO - Sales Processing Started...
2026-08-25 09:42:58,538 - project_12_logger - INFO - File Successfully Loaded !
2026-08-25 09:42:58,539 - project_12_logger - INFO - Getting Sales Revenue
2026-08-25 09:42:58,539 - project_12_logger - INFO - 1001 Processed Successfully !
2026-08-25 09:42:58,540 - project_12_logger - INFO - 1002 Processed Successfully !
2026-08-25 09:42:58,540 - project_12_logger - INFO - 1003 Processed Successfully !
2026-08-25 09:42:58,541 - project_12_logger - ERROR - Invalid Value found. Skipped
2026-08-25 09:42:58,541 - project_12_logger - INFO - 1005 Processed Successfully !
2026-08-25 09:42:58,541 - project_12_logger - INFO - Revenue Generated Successfully !
2026-08-25 09:42:58,542 - project_12_logger - INFO - Processing Completed Successfully !
2026-08-25 09:50:49,438 - project_12_logger - INFO - Sales Processing Started...
2026-08-25 09:50:49,439 - project_12_logger - INFO - File Successfully Loaded !
2026-08-25 09:50:49,439 - project_12_logger - INFO - Getting Sales Revenue
2026-08-25 09:50:49,440 - project_12_logger - INFO - 1001 Processed Successfully !
2026-08-25 09:50:49,440 - project_12_logger - INFO - 1002 Processed Successfully !
2026-08-25 09:50:49,440 - project_12_logger - INFO - 1003 Processed Successfully !
2026-08-25 09:50:49,441 - project_12_logger - ERROR - Invalid Value found. Skipped
2026-08-25 09:50:49,441 - project_12_logger - INFO - 1005 Processed Successfully !
2026-08-25 09:50:49,441 - project_12_logger - INFO - Revenue Generated Successfully !
2026-08-25 09:50:49,442 - project_12_logger - INFO - Processing Completed Successfully !
