2026-08-28 10:03:02,327 - project_15_logger - INFO - Loading .env variables...
2026-08-28 10:03:02,328 - project_15_logger - INFO - .env loaded successfull!
2026-08-28 10:03:02,328 - project_15_logger - INFO - connection PostgresSQL...
2026-08-28 10:03:02,378 - project_15_logger - INFO - Connection Successfull !
2026-08-28 10:03:02,379 - project_15_logger - INFO - Creating Database...
2026-08-28 10:03:44,209 - project_15_logger - INFO - Loading .env variables...
2026-08-28 10:03:44,209 - project_15_logger - INFO - .env loaded successfull!
2026-08-28 10:03:44,209 - project_15_logger - INFO - connection PostgresSQL...
2026-08-28 10:03:44,393 - project_15_logger - INFO - Connection Successfull !
2026-08-28 10:03:44,393 - project_15_logger - INFO - Creating Database...
2026-08-28 10:05:27,884 - project_15_logger - INFO - Loading .env variables...
2026-08-28 10:05:27,884 - project_15_logger - INFO - .env loaded successfull!
2026-08-28 10:05:27,884 - project_15_logger - INFO - connection PostgresSQL...
2026-08-28 10:05:28,059 - project_15_logger - INFO - Connection Successfull !
2026-08-28 10:05:28,059 - project_15_logger - INFO - Creating Database...
2026-08-28 10:05:42,549 - project_15_logger - INFO - Loading .env variables...
2026-08-28 10:05:42,549 - project_15_logger - INFO - .env loaded successfull!
2026-08-28 10:05:42,549 - project_15_logger - INFO - connection PostgresSQL...
2026-08-28 10:05:42,607 - project_15_logger - INFO - Connection Successfull !
2026-08-28 10:05:42,607 - project_15_logger - INFO - Creating Database...
2026-08-28 10:05:42,890 - project_15_logger - INFO - Database created successfully !
2026-08-28 10:20:38,063 - project_15_logger - INFO - Loading .env variables...
2026-08-28 10:20:38,063 - project_15_logger - INFO - .env loaded successfull!
2026-08-28 10:20:38,063 - project_15_logger - INFO - connection PostgresSQL...
2026-08-28 10:20:38,063 - project_15_logger - INFO - connection PostgresSQL...
2026-08-28 10:20:38,122 - project_15_logger - INFO - Connection Successfull !
2026-08-28 10:20:38,122 - project_15_logger - INFO - Connection Successfull !
2026-08-28 10:20:38,129 - project_15_logger - INFO - Creating Database...
2026-08-28 10:20:38,129 - project_15_logger - INFO - Creating Database...
2026-08-28 10:20:38,394 - project_15_logger - INFO - Database created successfully !
2026-08-28 10:20:38,394 - project_15_logger - INFO - Database created successfully !
2026-08-28 11:13:42,736 - project_15_logger - INFO - Loading .env variables...
2026-08-28 11:13:42,737 - project_15_logger - INFO - .env loaded successfull!
2026-08-28 11:13:42,740 - project_15_logger - INFO - Creating Connection With Database...
2026-08-28 11:13:42,740 - project_15_logger - INFO - Creating Connection With Database...
2026-08-28 11:13:42,740 - project_15_logger - INFO - Creating Connection With Database...
2026-08-28 11:13:42,869 - project_15_logger - ERROR - connection to server at "localhost" (::1), port 5432 failed: FATAL:  database "python_data_pipeline" does not exist

2026-08-28 11:13:42,869 - project_15_logger - ERROR - connection to server at "localhost" (::1), port 5432 failed: FATAL:  database "python_data_pipeline" does not exist

2026-08-28 11:13:42,869 - project_15_logger - ERROR - connection to server at "localhost" (::1), port 5432 failed: FATAL:  database "python_data_pipeline" does not exist

2026-08-28 11:15:45,675 - project_15_logger - INFO - Loading .env variables...
2026-08-28 11:15:45,675 - project_15_logger - INFO - .env loaded successfull!
2026-08-28 11:15:45,675 - project_15_logger - INFO - Creating Connection With Database...
2026-08-28 11:15:45,675 - project_15_logger - INFO - Creating Connection With Database...
2026-08-28 11:15:45,675 - project_15_logger - INFO - Creating Connection With Database...
2026-08-28 11:15:45,723 - project_15_logger - ERROR - connection to server at "localhost" (::1), port 5432 failed: FATAL:  database "python_data_pipeline" does not exist

2026-08-28 11:15:45,723 - project_15_logger - ERROR - connection to server at "localhost" (::1), port 5432 failed: FATAL:  database "python_data_pipeline" does not exist

2026-08-28 11:15:45,723 - project_15_logger - ERROR - connection to server at "localhost" (::1), port 5432 failed: FATAL:  database "python_data_pipeline" does not exist

2026-08-28 11:16:15,839 - project_15_logger - INFO - Loading .env variables...
2026-08-28 11:16:15,841 - project_15_logger - INFO - .env loaded successfull!
2026-08-28 11:16:15,843 - project_15_logger - INFO - Creating Connection With Database...
2026-08-28 11:16:15,843 - project_15_logger - INFO - Creating Connection With Database...
2026-08-28 11:16:15,843 - project_15_logger - INFO - Creating Connection With Database...
2026-08-28 11:16:15,869 - project_15_logger - ERROR - connection to server at "localhost" (::1), port 5432 failed: FATAL:  database "python_data_pipeline" does not exist

2026-08-28 11:16:15,869 - project_15_logger - ERROR - connection to server at "localhost" (::1), port 5432 failed: FATAL:  database "python_data_pipeline" does not exist

2026-08-28 11:16:15,869 - project_15_logger - ERROR - connection to server at "localhost" (::1), port 5432 failed: FATAL:  database "python_data_pipeline" does not exist

2026-08-28 11:16:21,194 - project_15_logger - INFO - Loading .env variables...
2026-08-28 11:16:21,202 - project_15_logger - INFO - .env loaded successfull!
2026-08-28 11:16:21,202 - project_15_logger - INFO - connection PostgresSQL...
2026-08-28 11:16:21,202 - project_15_logger - INFO - connection PostgresSQL...
2026-08-28 11:16:21,202 - project_15_logger - INFO - connection PostgresSQL...
2026-08-28 11:16:21,269 - project_15_logger - INFO - Connection Successfull !
2026-08-28 11:16:21,269 - project_15_logger - INFO - Connection Successfull !
2026-08-28 11:16:21,269 - project_15_logger - INFO - Connection Successfull !
2026-08-28 11:16:21,269 - project_15_logger - INFO - Creating Database...
2026-08-28 11:16:21,269 - project_15_logger - INFO - Creating Database...
2026-08-28 11:16:21,269 - project_15_logger - INFO - Creating Database...
2026-08-28 11:16:21,537 - project_15_logger - INFO - Database created successfully !
2026-08-28 11:16:21,537 - project_15_logger - INFO - Database created successfully !
2026-08-28 11:16:21,537 - project_15_logger - INFO - Database created successfully !
2026-08-28 11:16:21,539 - project_15_logger - INFO - Creating Connection With Database...
2026-08-28 11:16:21,539 - project_15_logger - INFO - Creating Connection With Database...
2026-08-28 11:16:21,539 - project_15_logger - INFO - Creating Connection With Database...
2026-08-28 11:16:21,578 - project_15_logger - ERROR - connection to server at "localhost" (::1), port 5432 failed: FATAL:  database "python_data_pipeline" does not exist

2026-08-28 11:16:21,578 - project_15_logger - ERROR - connection to server at "localhost" (::1), port 5432 failed: FATAL:  database "python_data_pipeline" does not exist

2026-08-28 11:16:21,578 - project_15_logger - ERROR - connection to server at "localhost" (::1), port 5432 failed: FATAL:  database "python_data_pipeline" does not exist

2026-08-28 11:20:37,915 - project_15_logger - INFO - Loading .env variables...
2026-08-28 11:20:37,915 - project_15_logger - INFO - .env loaded successfull!
2026-08-28 11:21:09,064 - project_15_logger - INFO - Loading .env variables...
2026-08-28 11:21:09,064 - project_15_logger - INFO - .env loaded successfull!
2026-08-28 11:21:09,072 - project_15_logger - INFO - Creating Connection With Database...
2026-08-28 11:21:09,072 - project_15_logger - INFO - Creating Connection With Database...
2026-08-28 11:21:09,072 - project_15_logger - INFO - Creating Connection With Database...
2026-08-28 11:21:09,139 - project_15_logger - INFO - Connection Success !
2026-08-28 11:21:09,139 - project_15_logger - INFO - Connection Success !
2026-08-28 11:21:09,139 - project_15_logger - INFO - Connection Success !
2026-08-28 11:21:09,139 - project_15_logger - INFO - Creating Table...
2026-08-28 11:21:09,139 - project_15_logger - INFO - Creating Table...
2026-08-28 11:21:09,139 - project_15_logger - INFO - Creating Table...
2026-08-28 11:21:09,225 - project_15_logger - INFO - Table Created !
2026-08-28 11:21:09,225 - project_15_logger - INFO - Table Created !
2026-08-28 11:21:09,225 - project_15_logger - INFO - Table Created !
2026-08-28 15:51:50,590 - project_15_logger - INFO - Loading .env variables...
2026-08-28 15:51:50,590 - project_15_logger - INFO - .env loaded successfull!
2026-08-28 15:51:50,590 - project_15_logger - INFO - Creating Connection With Database...
2026-08-28 15:51:50,590 - project_15_logger - INFO - Creating Connection With Database...
2026-08-28 15:51:50,590 - project_15_logger - INFO - Creating Connection With Database...
2026-08-28 15:51:50,804 - project_15_logger - INFO - Connection Success !
2026-08-28 15:51:50,804 - project_15_logger - INFO - Connection Success !
2026-08-28 15:51:50,804 - project_15_logger - INFO - Connection Success !
2026-08-28 15:51:50,806 - project_15_logger - INFO - Creating Table...
2026-08-28 15:51:50,806 - project_15_logger - INFO - Creating Table...
2026-08-28 15:51:50,806 - project_15_logger - INFO - Creating Table...
2026-08-28 15:51:50,806 - project_15_logger - INFO - Table Created !
2026-08-28 15:51:50,806 - project_15_logger - INFO - Table Created !
2026-08-28 15:51:50,806 - project_15_logger - INFO - Table Created !
2026-08-28 15:53:58,287 - project_15_logger - INFO - Loading .env variables...
2026-08-28 15:53:58,288 - project_15_logger - INFO - .env loaded successfull!
2026-08-28 15:54:56,935 - project_15_logger - INFO - Loading .env variables...
2026-08-28 15:54:56,943 - project_15_logger - INFO - .env loaded successfull!
2026-08-28 15:55:43,136 - project_15_logger - INFO - Loading .env variables...
2026-08-28 15:55:43,136 - project_15_logger - INFO - .env loaded successfull!
2026-08-28 15:55:51,359 - project_15_logger - INFO - Loading .env variables...
2026-08-28 15:55:51,359 - project_15_logger - INFO - .env loaded successfull!
2026-08-28 15:58:39,011 - project_15_logger - INFO - Loading .env variables...
2026-08-28 15:58:39,011 - project_15_logger - INFO - .env loaded successfull!
2026-08-28 15:58:39,021 - project_15_logger - INFO - Creating Connection With Database...
2026-08-28 15:58:39,021 - project_15_logger - INFO - Creating Connection With Database...
2026-08-28 15:58:39,021 - project_15_logger - INFO - Creating Connection With Database...
2026-08-28 15:58:39,021 - project_15_logger - INFO - Creating Connection With Database...
2026-08-28 15:58:39,067 - project_15_logger - INFO - Connection Success !
2026-08-28 15:58:39,067 - project_15_logger - INFO - Connection Success !
2026-08-28 15:58:39,067 - project_15_logger - INFO - Connection Success !
2026-08-28 15:58:39,067 - project_15_logger - INFO - Connection Success !
2026-08-28 15:58:39,067 - project_15_logger - INFO - Adding rows to data...
2026-08-28 15:58:39,067 - project_15_logger - INFO - Adding rows to data...
2026-08-28 15:58:39,067 - project_15_logger - INFO - Adding rows to data...
2026-08-28 15:58:39,067 - project_15_logger - INFO - Adding rows to data...
2026-08-28 15:58:39,083 - project_15_logger - INFO - Data Inserted !
2026-08-28 15:58:39,083 - project_15_logger - INFO - Data Inserted !
2026-08-28 15:58:39,083 - project_15_logger - INFO - Data Inserted !
2026-08-28 15:58:39,083 - project_15_logger - INFO - Data Inserted !
2026-08-28 16:06:27,564 - project_15_logger - INFO - Loading .env variables...
2026-08-28 16:06:27,566 - project_15_logger - INFO - .env loaded successfull!
2026-08-28 16:06:27,574 - project_15_logger - INFO - Creating Connection With Database...
2026-08-28 16:06:27,574 - project_15_logger - INFO - Creating Connection With Database...
2026-08-28 16:06:27,574 - project_15_logger - INFO - Creating Connection With Database...
2026-08-28 16:06:27,574 - project_15_logger - INFO - Creating Connection With Database...
2026-08-28 16:06:27,657 - project_15_logger - INFO - Connection Success !
2026-08-28 16:06:27,657 - project_15_logger - INFO - Connection Success !
2026-08-28 16:06:27,657 - project_15_logger - INFO - Connection Success !
2026-08-28 16:06:27,657 - project_15_logger - INFO - Connection Success !
2026-08-28 16:06:27,660 - project_15_logger - INFO - Adding rows to data...
2026-08-28 16:06:27,660 - project_15_logger - INFO - Adding rows to data...
2026-08-28 16:06:27,660 - project_15_logger - INFO - Adding rows to data...
2026-08-28 16:06:27,660 - project_15_logger - INFO - Adding rows to data...
2026-08-28 16:06:27,667 - project_15_logger - INFO - Data Inserted !
2026-08-28 16:06:27,667 - project_15_logger - INFO - Data Inserted !
2026-08-28 16:06:27,667 - project_15_logger - INFO - Data Inserted !
2026-08-28 16:06:27,667 - project_15_logger - INFO - Data Inserted !
